
  error - The getter 
'audioOnlyEnabled' 
isn't defined for the 
type 'FeatureFlags' - l
ib\screens\chat\video_c
all_screen.dart:55:24 
- undefined_getter
  error - The getter 'v
ideoMuteButtonEnabled' 
isn't defined for the 
type 'FeatureFlags' - l
ib\screens\chat\video_c
all_screen.dart:59:24 
- undefined_getter
  error - The named 
parameter 'uiLocalNotif
icationDateInterpretati
on' is required, but 
there's no 
corresponding argument 
- lib\services\notifica
tion_service.dart:63:19
 - missing_required_arg
ument
  error - The named 
parameter 'uiLocalNotif
icationDateInterpretati
on' is required, but 
there's no 
corresponding argument 
- lib\services\notifica
tion_service.dart:101:2
3 - missing_required_ar
gument
  error - The named 
parameter 'uiLocalNotif
icationDateInterpretati
on' is required, but 
there's no 
corresponding argument 
- lib\services\notifica
tion_service.dart:120:2
3 - missing_required_ar
gument
  error - The named 
parameter 'uiLocalNotif
icationDateInterpretati
on' is required, but 
there's no 
corresponding argument 
- lib\services\notifica
tion_service.dart:139:2
3 - missing_required_ar
gument


